// Jest Snapshot v1, https://goo.gl/fbAQLP

exports[`footer component it renders correctly 1`] = `
<section class="small-screen">
  I look much better in a wide window ;)
</section>
`;
